13.000000, -2.000000, 3.000000, -1.000000
17.000000, -13.000000, 4.000000, 3.000000
